Archive member included to satisfy reference by file (symbol)

C:/ST/STM32CubeIDE_1.19.0/STM32CubeIDE/plugins/com.st.stm32cube.ide.mcu.externaltools.gnu-tools-for-stm32.13.3.rel1.win32_1.0.0.202411081344/tools/bin/../lib/gcc/arm-none-eabi/13.3.1/../../../../arm-none-eabi/lib/thumb/v7e-m+fp/hard\libc_nano.a(libc_a-exit.o)
                              C:/ST/STM32CubeIDE_1.19.0/STM32CubeIDE/plugins/com.st.stm32cube.ide.mcu.externaltools.gnu-tools-for-stm32.13.3.rel1.win32_1.0.0.202411081344/tools/bin/../lib/gcc/arm-none-eabi/13.3.1/../../../../arm-none-eabi/lib/thumb/v7e-m+fp/hard/crt0.o (exit)
C:/ST/STM32CubeIDE_1.19.0/STM32CubeIDE/plugins/com.st.stm32cube.ide.mcu.externaltools.gnu-tools-for-stm32.13.3.rel1.win32_1.0.0.202411081344/tools/bin/../lib/gcc/arm-none-eabi/13.3.1/../../../../arm-none-eabi/lib/thumb/v7e-m+fp/hard\libc_nano.a(libc_a-findfp.o)
                              C:/ST/STM32CubeIDE_1.19.0/STM32CubeIDE/plugins/com.st.stm32cube.ide.mcu.externaltools.gnu-tools-for-stm32.13.3.rel1.win32_1.0.0.202411081344/tools/bin/../lib/gcc/arm-none-eabi/13.3.1/../../../../arm-none-eabi/lib/thumb/v7e-m+fp/hard\libc_nano.a(libc_a-exit.o) (__stdio_exit_handler)
C:/ST/STM32CubeIDE_1.19.0/STM32CubeIDE/plugins/com.st.stm32cube.ide.mcu.externaltools.gnu-tools-for-stm32.13.3.rel1.win32_1.0.0.202411081344/tools/bin/../lib/gcc/arm-none-eabi/13.3.1/../../../../arm-none-eabi/lib/thumb/v7e-m+fp/hard\libc_nano.a(libc_a-fwalk.o)
                              C:/ST/STM32CubeIDE_1.19.0/STM32CubeIDE/plugins/com.st.stm32cube.ide.mcu.externaltools.gnu-tools-for-stm32.13.3.rel1.win32_1.0.0.202411081344/tools/bin/../lib/gcc/arm-none-eabi/13.3.1/../../../../arm-none-eabi/lib/thumb/v7e-m+fp/hard\libc_nano.a(libc_a-findfp.o) (_fwalk_sglue)
C:/ST/STM32CubeIDE_1.19.0/STM32CubeIDE/plugins/com.st.stm32cube.ide.mcu.externaltools.gnu-tools-for-stm32.13.3.rel1.win32_1.0.0.202411081344/tools/bin/../lib/gcc/arm-none-eabi/13.3.1/../../../../arm-none-eabi/lib/thumb/v7e-m+fp/hard\libc_nano.a(libc_a-stdio.o)
                              C:/ST/STM32CubeIDE_1.19.0/STM32CubeIDE/plugins/com.st.stm32cube.ide.mcu.externaltools.gnu-tools-for-stm32.13.3.rel1.win32_1.0.0.202411081344/tools/bin/../lib/gcc/arm-none-eabi/13.3.1/../../../../arm-none-eabi/lib/thumb/v7e-m+fp/hard\libc_nano.a(libc_a-findfp.o) (__sread)
C:/ST/STM32CubeIDE_1.19.0/STM32CubeIDE/plugins/com.st.stm32cube.ide.mcu.externaltools.gnu-tools-for-stm32.13.3.rel1.win32_1.0.0.202411081344/tools/bin/../lib/gcc/arm-none-eabi/13.3.1/../../../../arm-none-eabi/lib/thumb/v7e-m+fp/hard\libc_nano.a(libc_a-memset.o)
                              C:/ST/STM32CubeIDE_1.19.0/STM32CubeIDE/plugins/com.st.stm32cube.ide.mcu.externaltools.gnu-tools-for-stm32.13.3.rel1.win32_1.0.0.202411081344/tools/bin/../lib/gcc/arm-none-eabi/13.3.1/../../../../arm-none-eabi/lib/thumb/v7e-m+fp/hard/crt0.o (memset)
C:/ST/STM32CubeIDE_1.19.0/STM32CubeIDE/plugins/com.st.stm32cube.ide.mcu.externaltools.gnu-tools-for-stm32.13.3.rel1.win32_1.0.0.202411081344/tools/bin/../lib/gcc/arm-none-eabi/13.3.1/../../../../arm-none-eabi/lib/thumb/v7e-m+fp/hard\libc_nano.a(libc_a-closer.o)
                              C:/ST/STM32CubeIDE_1.19.0/STM32CubeIDE/plugins/com.st.stm32cube.ide.mcu.externaltools.gnu-tools-for-stm32.13.3.rel1.win32_1.0.0.202411081344/tools/bin/../lib/gcc/arm-none-eabi/13.3.1/../../../../arm-none-eabi/lib/thumb/v7e-m+fp/hard\libc_nano.a(libc_a-stdio.o) (_close_r)
C:/ST/STM32CubeIDE_1.19.0/STM32CubeIDE/plugins/com.st.stm32cube.ide.mcu.externaltools.gnu-tools-for-stm32.13.3.rel1.win32_1.0.0.202411081344/tools/bin/../lib/gcc/arm-none-eabi/13.3.1/../../../../arm-none-eabi/lib/thumb/v7e-m+fp/hard\libc_nano.a(libc_a-reent.o)
                              C:/ST/STM32CubeIDE_1.19.0/STM32CubeIDE/plugins/com.st.stm32cube.ide.mcu.externaltools.gnu-tools-for-stm32.13.3.rel1.win32_1.0.0.202411081344/tools/bin/../lib/gcc/arm-none-eabi/13.3.1/../../../../arm-none-eabi/lib/thumb/v7e-m+fp/hard\libc_nano.a(libc_a-closer.o) (errno)
C:/ST/STM32CubeIDE_1.19.0/STM32CubeIDE/plugins/com.st.stm32cube.ide.mcu.externaltools.gnu-tools-for-stm32.13.3.rel1.win32_1.0.0.202411081344/tools/bin/../lib/gcc/arm-none-eabi/13.3.1/../../../../arm-none-eabi/lib/thumb/v7e-m+fp/hard\libc_nano.a(libc_a-impure.o)
                              C:/ST/STM32CubeIDE_1.19.0/STM32CubeIDE/plugins/com.st.stm32cube.ide.mcu.externaltools.gnu-tools-for-stm32.13.3.rel1.win32_1.0.0.202411081344/tools/bin/../lib/gcc/arm-none-eabi/13.3.1/../../../../arm-none-eabi/lib/thumb/v7e-m+fp/hard\libc_nano.a(libc_a-reent.o) (_impure_ptr)
C:/ST/STM32CubeIDE_1.19.0/STM32CubeIDE/plugins/com.st.stm32cube.ide.mcu.externaltools.gnu-tools-for-stm32.13.3.rel1.win32_1.0.0.202411081344/tools/bin/../lib/gcc/arm-none-eabi/13.3.1/../../../../arm-none-eabi/lib/thumb/v7e-m+fp/hard\libc_nano.a(libc_a-lseekr.o)
[...]
Memory Configuration

Name             Origin             Length             Attributes
RAM              0x20000000         0x00020000         xrw
FLASH            0x08000000         0x00080000         xr
*default*        0x00000000         0xffffffff

Linker script and memory map

LOAD C:/ST/STM32CubeIDE_1.19.0/STM32CubeIDE/plugins/com.st.stm32cube.ide.mcu.externaltools.gnu-tools-for-stm32.13.3.rel1.win32_1.0.0.202411081344/tools/bin/../lib/gcc/arm-none-eabi/13.3.1/thumb/v7e-m+fp/hard/crti.o
LOAD C:/ST/STM32CubeIDE_1.19.0/STM32CubeIDE/plugins/com.st.stm32cube.ide.mcu.externaltools.gnu-tools-for-stm32.13.3.rel1.win32_1.0.0.202411081344/tools/bin/../lib/gcc/arm-none-eabi/13.3.1/thumb/v7e-m+fp/hard/crtbegin.o
LOAD C:/ST/STM32CubeIDE_1.19.0/STM32CubeIDE/plugins/com.st.stm32cube.ide.mcu.externaltools.gnu-tools-for-stm32.13.3.rel1.win32_1.0.0.202411081344/tools/bin/../lib/gcc/arm-none-eabi/13.3.1/../../../../arm-none-eabi/lib/thumb/v7e-m+fp/hard/crt0.o
LOAD ./Src/adxl345.o
LOAD ./Src/i2c_driver.o
LOAD ./Src/main.o
LOAD ./Src/syscalls.o
LOAD ./Src/sysmem.o
LOAD ./Startup/startup_stm32f411retx.o
START GROUP
LOAD C:/ST/STM32CubeIDE_1.19.0/STM32CubeIDE/plugins/com.st.stm32cube.ide.mcu.externaltools.gnu-tools-for-stm32.13.3.rel1.win32_1.0.0.202411081344/tools/bin/../lib/gcc/arm-none-eabi/13.3.1/../../../../arm-none-eabi/lib/thumb/v7e-m+fp/hard\libc_nano.a
LOAD C:/ST/STM32CubeIDE_1.19.0/STM32CubeIDE/plugins/com.st.stm32cube.ide.mcu.externaltools.gnu-tools-for-stm32.13.3.rel1.win32_1.0.0.202411081344/tools/bin/../lib/gcc/arm-none-eabi/13.3.1/../../../../arm-none-eabi/lib/thumb/v7e-m+fp/hard\libm.a
END GROUP
START GROUP
LOAD C:/ST/STM32CubeIDE_1.19.0/STM32CubeIDE/plugins/com.st.stm32cube.ide.mcu.externaltools.gnu-tools-for-stm32.13.3.rel1.win32_1.0.0.202411081344/tools/bin/../lib/gcc/arm-none-eabi/13.3.1/thumb/v7e-m+fp/hard\libgcc.a
LOAD C:/ST/STM32CubeIDE_1.19.0/STM32CubeIDE/plugins/com.st.stm32cube.ide.mcu.externaltools.gnu-tools-for-stm32.13.3.rel1.win32_1.0.0.202411081344/tools/bin/../lib/gcc/arm-none-eabi/13.3.1/../../../../arm-none-eabi/lib/thumb/v7e-m+fp/hard\libc_nano.a
END GROUP
START GROUP
LOAD C:/ST/STM32CubeIDE_1.19.0/STM32CubeIDE/plugins/com.st.stm32cube.ide.mcu.externaltools.gnu-tools-for-stm32.13.3.rel1.win32_1.0.0.202411081344/tools/bin/../lib/gcc/arm-none-eabi/13.3.1/thumb/v7e-m+fp/hard\libgcc.a
LOAD C:/ST/STM32CubeIDE_1.19.0/STM32CubeIDE/plugins/com.st.stm32cube.ide.mcu.externaltools.gnu-tools-for-stm32.13.3.rel1.win32_1.0.0.202411081344/tools/bin/../lib/gcc/arm-none-eabi/13.3.1/../../../../arm-none-eabi/lib/thumb/v7e-m+fp/hard\libc_nano.a
LOAD C:/ST/STM32CubeIDE_1.19.0/STM32CubeIDE/plugins/com.st.stm32cube.ide.mcu.externaltools.gnu-tools-for-stm32.13.3.rel1.win32_1.0.0.202411081344/tools/bin/../lib/gcc/arm-none-eabi/13.3.1/../../../../arm-none-eabi/lib/thumb/v7e-m+fp/hard\libnosys.a
END GROUP
START GROUP
LOAD C:/ST/STM32CubeIDE_1.19.0/STM32CubeIDE/plugins/com.st.stm32cube.ide.mcu.externaltools.gnu-tools-for-stm32.13.3.rel1.win32_1.0.0.202411081344/tools/bin/../lib/gcc/arm-none-eabi/13.3.1/thumb/v7e-m+fp/hard\libgcc.a
LOAD C:/ST/STM32CubeIDE_1.19.0/STM32CubeIDE/plugins/com.st.stm32cube.ide.mcu.externaltools.gnu-tools-for-stm32.13.3.rel1.win32_1.0.0.202411081344/tools/bin/../lib/gcc/arm-none-eabi/13.3.1/../../../../arm-none-eabi/lib/thumb/v7e-m+fp/hard\libc_nano.a
LOAD C:/ST/STM32CubeIDE_1.19.0/STM32CubeIDE/plugins/com.st.stm32cube.ide.mcu.externaltools.gnu-tools-for-stm32.13.3.rel1.win32_1.0.0.202411081344/tools/bin/../lib/gcc/arm-none-eabi/13.3.1/../../../../arm-none-eabi/lib/thumb/v7e-m+fp/hard\libnosys.a
END GROUP
LOAD C:/ST/STM32CubeIDE_1.19.0/STM32CubeIDE/plugins/com.st.stm32cube.ide.mcu.externaltools.gnu-tools-for-stm32.13.3.rel1.win32_1.0.0.202411081344/tools/bin/../lib/gcc/arm-none-eabi/13.3.1/thumb/v7e-m+fp/hard/crtend.o
LOAD C:/ST/STM32CubeIDE_1.19.0/STM32CubeIDE/plugins/com.st.stm32cube.ide.mcu.externaltools.gnu-tools-for-stm32.13.3.rel1.win32_1.0.0.202411081344/tools/bin/../lib/gcc/arm-none-eabi/13.3.1/thumb/v7e-m+fp/hard/crtn.o
                0x20020000                        _estack = (ORIGIN (RAM) + LENGTH (RAM))
                0x00000200                        _Min_Heap_Size = 0x200
                0x00000400                        _Min_Stack_Size = 0x400

.isr_vector     0x08000000      0x198
                0x08000000                        . = ALIGN (0x4)
 *(.isr_vector)
 .isr_vector    0x08000000      0x198 ./Startup/startup_stm32f411retx.o
                0x08000000                g_pfnVectors
                0x08000198                        . = ALIGN (0x4)

.text           0x08000198      0xc98
                0x08000198                        . = ALIGN (0x4)
 *(.text)
 .text          0x08000198       0x40 C:/ST/STM32CubeIDE_1.19.0/STM32CubeIDE/plugins/com.st.stm32cube.ide.mcu.externaltools.gnu-tools-for-stm32.13.3.rel1.win32_1.0.0.202411081344/tools/bin/../lib/gcc/arm-none-eabi/13.3.1/thumb/v7e-m+fp/hard/crtbegin.o
 .text          0x080001d8      0x254 C:/ST/STM32CubeIDE_1.19.0/STM32CubeIDE/plugins/com.st.stm32cube.ide.mcu.externaltools.gnu-tools-for-stm32.13.3.rel1.win32_1.0.0.202411081344/tools/bin/../lib/gcc/arm-none-eabi/13.3.1/thumb/v7e-m+fp/hard\libgcc.a(_arm_muldf3.o)
                0x080001d8                __muldf3
                0x080001d8                __aeabi_dmul
 .text          0x0800042c      0x378 C:/ST/STM32CubeIDE_1.19.0/STM32CubeIDE/plugins/com.st.stm32cube.ide.mcu.externaltools.gnu-tools-for-stm32.13.3.rel1.win32_1.0.0.202411081344/tools/bin/../lib/gcc/arm-none-eabi/13.3.1/thumb/v7e-m+fp/hard\libgcc.a(_arm_addsubdf3.o)
                0x0800042c                __aeabi_drsub
                0x08000434                __aeabi_dsub
                0x08000434                __subdf3
                0x08000438                __aeabi_dadd
                0x08000438                __adddf3
                0x080006b0                __floatunsidf
                0x080006b0                __aeabi_ui2d
                0x080006d0                __floatsidf
                0x080006d0                __aeabi_i2d
                0x080006f4                __aeabi_f2d
                0x080006f4                __extendsfdf2
                0x08000738                __floatundidf
                0x08000738                __aeabi_ul2d
                0x08000748                __floatdidf
                0x08000748                __aeabi_l2d
 .text          0x080007a4       0xa0 C:/ST/STM32CubeIDE_1.19.0/STM32CubeIDE/plugins/com.st.stm32cube.ide.mcu.externaltools.gnu-tools-for-stm32.13.3.rel1.win32_1.0.0.202411081344/tools/bin/../lib/gcc/arm-none-eabi/13.3.1/thumb/v7e-m+fp/hard\libgcc.a(_arm_truncdfsf2.o)
                0x080007a4                __truncdfsf2
                0x080007a4                __aeabi_d2f
 *(.text*)
 .text.adxl_read_address
                0x08000844       0x24 ./Src/adxl345.o
                0x08000844                adxl_read_address
 .text.adxl_write
                0x08000868       0x2a ./Src/adxl345.o
                0x08000868                adxl_write
 *fill*         0x08000892        0x2 
 .text.adxl_read_values
                0x08000894       0x24 ./Src/adxl345.o
                0x08000894                adxl_read_values
 .text.adxl_init
                0x080008b8       0x2a ./Src/adxl345.o
                0x080008b8                adxl_init
 *fill*         0x080008e2        0x2 
 .text.I2C1_init
                0x080008e4       0xb4 ./Src/i2c_driver.o
                0x080008e4                I2C1_init
 .text.I2C1_readByte
                0x08000998       0xe8 ./Src/i2c_driver.o
                0x08000998                I2C1_readByte
 .text.I2C1_burstRead
                0x08000a80      0x138 ./Src/i2c_driver.o
                0x08000a80                I2C1_burstRead
 .text.I2C1_burstWrite
                0x08000bb8       0xc4 ./Src/i2c_driver.o
                0x08000bb8                I2C1_burstWrite
 *fill*         0x08000c7c        0x4 
 .text.main     0x08000c80       0xfc ./Src/main.o
                0x08000c80                main
 .text.Reset_Handler
                0x08000d7c       0x50 ./Startup/startup_stm32f411retx.o
                0x08000d7c                Reset_Handler
 .text.Default_Handler
                0x08000dcc        0x2 ./Startup/startup_stm32f411retx.o
                0x08000dcc                RTC_Alarm_IRQHandler
                0x08000dcc                EXTI2_IRQHandler
                0x08000dcc                DebugMon_Handler
                0x08000dcc                SPI4_IRQHandler
                0x08000dcc                TIM1_CC_IRQHandler
                0x08000dcc                DMA2_Stream5_IRQHandler
                0x08000dcc                HardFault_Handler
                0x08000dcc                DMA1_Stream5_IRQHandler
                0x08000dcc                SysTick_Handler
                0x08000dcc                PVD_IRQHandler
                0x08000dcc                SDIO_IRQHandler
                0x08000dcc                TAMP_STAMP_IRQHandler
                0x08000dcc                PendSV_Handler
                0x08000dcc                NMI_Handler
                0x08000dcc                EXTI3_IRQHandler
                0x08000dcc                TIM1_UP_TIM10_IRQHandler
                0x08000dcc                I2C3_ER_IRQHandler
                0x08000dcc                EXTI0_IRQHandler
                0x08000dcc                I2C2_EV_IRQHandler
                0x08000dcc                DMA1_Stream2_IRQHandler
                0x08000dcc                UsageFault_Handler
                0x08000dcc                DMA2_Stream2_IRQHandler
                0x08000dcc                SPI1_IRQHandler
                0x08000dcc                TIM1_BRK_TIM9_IRQHandler
                0x08000dcc                DMA2_Stream3_IRQHandler
                0x08000dcc                USART6_IRQHandler
                0x08000dcc                DMA2_Stream0_IRQHandler
                0x08000dcc                TIM4_IRQHandler
                0x08000dcc                I2C1_EV_IRQHandler
                0x08000dcc                DMA1_Stream6_IRQHandler
                0x08000dcc                DMA1_Stream1_IRQHandler
                0x08000dcc                TIM3_IRQHandler
                0x08000dcc                RCC_IRQHandler
                0x08000dcc                Default_Handler
                0x08000dcc                EXTI15_10_IRQHandler
                0x08000dcc                ADC_IRQHandler
                0x08000dcc                DMA1_Stream7_IRQHandler
                0x08000dcc                SPI5_IRQHandler
                0x08000dcc                TIM5_IRQHandler
                0x08000dcc                DMA2_Stream7_IRQHandler
                0x08000dcc                I2C3_EV_IRQHandler
                0x08000dcc                EXTI9_5_IRQHandler
                0x08000dcc                RTC_WKUP_IRQHandler
                0x08000dcc                SPI2_IRQHandler
                0x08000dcc                MemManage_Handler
                0x08000dcc                DMA1_Stream0_IRQHandler
                0x08000dcc                SVC_Handler
                0x08000dcc                EXTI4_IRQHandler
                0x08000dcc                WWDG_IRQHandler
                0x08000dcc                TIM2_IRQHandler
                0x08000dcc                OTG_FS_WKUP_IRQHandler
                0x08000dcc                TIM1_TRG_COM_TIM11_IRQHandler
                0x08000dcc                EXTI1_IRQHandler
                0x08000dcc                USART2_IRQHandler
                0x08000dcc                I2C2_ER_IRQHandler
                0x08000dcc                DMA2_Stream1_IRQHandler
                0x08000dcc                FLASH_IRQHandler
                0x08000dcc                DMA2_Stream4_IRQHandler
                0x08000dcc                BusFault_Handler
                0x08000dcc                USART1_IRQHandler
                0x08000dcc                OTG_FS_IRQHandler
                0x08000dcc                SPI3_IRQHandler
                0x08000dcc                DMA1_Stream4_IRQHandler
                0x08000dcc                I2C1_ER_IRQHandler
                0x08000dcc                DMA2_Stream6_IRQHandler
                0x08000dcc                DMA1_Stream3_IRQHandler
 *fill*         0x08000dce        0x2 
 .text.__libc_init_array
                0x08000dd0       0x48 C:/ST/STM32CubeIDE_1.19.0/STM32CubeIDE/plugins/com.st.stm32cube.ide.mcu.externaltools.gnu-tools-for-stm32.13.3.rel1.win32_1.0.0.202411081344/tools/bin/../lib/gcc/arm-none-eabi/13.3.1/../../../../arm-none-eabi/lib/thumb/v7e-m+fp/hard\libc_nano.a(libc_a-init.o)
                0x08000dd0                __libc_init_array
 *(.glue_7)
 .glue_7        0x08000e18        0x0 linker stubs
 *(.glue_7t)
 .glue_7t       0x08000e18        0x0 linker stubs
 *(.eh_frame)
 .eh_frame      0x08000e18        0x0 C:/ST/STM32CubeIDE_1.19.0/STM32CubeIDE/plugins/com.st.stm32cube.ide.mcu.externaltools.gnu-tools-for-stm32.13.3.rel1.win32_1.0.0.202411081344/tools/bin/../lib/gcc/arm-none-eabi/13.3.1/thumb/v7e-m+fp/hard/crtbegin.o
 *(.init)
 .init          0x08000e18        0x4 C:/ST/STM32CubeIDE_1.19.0/STM32CubeIDE/plugins/com.st.stm32cube.ide.mcu.externaltools.gnu-tools-for-stm32.13.3.rel1.win32_1.0.0.202411081344/tools/bin/../lib/gcc/arm-none-eabi/13.3.1/thumb/v7e-m+fp/hard/crti.o
                0x08000e18                _init
 .init          0x08000e1c        0x8 C:/ST/STM32CubeIDE_1.19.0/STM32CubeIDE/plugins/com.st.stm32cube.ide.mcu.externaltools.gnu-tools-for-stm32.13.3.rel1.win32_1.0.0.202411081344/tools/bin/../lib/gcc/arm-none-eabi/13.3.1/thumb/v7e-m+fp/hard/crtn.o
 *(.fini)
 .fini          0x08000e24        0x4 C:/ST/STM32CubeIDE_1.19.0/STM32CubeIDE/plugins/com.st.stm32cube.ide.mcu.externaltools.gnu-tools-for-stm32.13.3.rel1.win32_1.0.0.202411081344/tools/bin/../lib/gcc/arm-none-eabi/13.3.1/thumb/v7e-m+fp/hard/crti.o
                0x08000e24                _fini
 .fini          0x08000e28        0x8 C:/ST/STM32CubeIDE_1.19.0/STM32CubeIDE/plugins/com.st.stm32cube.ide.mcu.externaltools.gnu-tools-for-stm32.13.3.rel1.win32_1.0.0.202411081344/tools/bin/../lib/gcc/arm-none-eabi/13.3.1/thumb/v7e-m+fp/hard/crtn.o
                0x08000e30                        . = ALIGN (0x4)
                0x08000e30                        _etext = .

.vfp11_veneer   0x08000e30        0x0
 .vfp11_veneer  0x08000e30        0x0 linker stubs

.v4_bx          0x08000e30        0x0
 .v4_bx         0x08000e30        0x0 linker stubs

.iplt           0x08000e30        0x0
 .iplt          0x08000e30        0x0 C:/ST/STM32CubeIDE_1.19.0/STM32CubeIDE/plugins/com.st.stm32cube.ide.mcu.externaltools.gnu-tools-for-stm32.13.3.rel1.win32_1.0.0.202411081344/tools/bin/../lib/gcc/arm-none-eabi/13.3.1/thumb/v7e-m+fp/hard/crtbegin.o

.rodata         0x08000e30        0x0
                0x08000e30                        . = ALIGN (0x4)
 *(.rodata)
 *(.rodata*)
                0x08000e30                        . = ALIGN (0x4)

.ARM.extab      0x08000e30        0x0
                0x08000e30                        . = ALIGN (0x4)
 *(.ARM.extab* .gnu.linkonce.armextab.*)
                0x08000e30                        . = ALIGN (0x4)

.ARM            0x08000e30        0x0
                0x08000e30                        . = ALIGN (0x4)
                0x08000e30                        __exidx_start = .
 *(.ARM.exidx*)
                0x08000e30                        __exidx_end = .
                0x08000e30                        . = ALIGN (0x4)

.preinit_array  0x08000e30        0x0
                0x08000e30                        . = ALIGN (0x4)
                0x08000e30                        PROVIDE (__preinit_array_start = .)
 *(.preinit_array*)
                0x08000e30                        PROVIDE (__preinit_array_end = .)
                0x08000e30                        . = ALIGN (0x4)

.init_array     0x08000e30        0x4
                0x08000e30                        . = ALIGN (0x4)
                0x08000e30                        PROVIDE (__init_array_start = .)
 *(SORT_BY_NAME(.init_array.*))
 *(.init_array*)
 .init_array    0x08000e30        0x4 C:/ST/STM32CubeIDE_1.19.0/STM32CubeIDE/plugins/com.st.stm32cube.ide.mcu.externaltools.gnu-tools-for-stm32.13.3.rel1.win32_1.0.0.202411081344/tools/bin/../lib/gcc/arm-none-eabi/13.3.1/thumb/v7e-m+fp/hard/crtbegin.o
                0x08000e34                        PROVIDE (__init_array_end = .)
                0x08000e34                        . = ALIGN (0x4)

.fini_array     0x08000e34        0x4
                0x08000e34                        . = ALIGN (0x4)
                [!provide]                        PROVIDE (__fini_array_start = .)
 *(SORT_BY_NAME(.fini_array.*))
 *(.fini_array*)
 .fini_array    0x08000e34        0x4 C:/ST/STM32CubeIDE_1.19.0/STM32CubeIDE/plugins/com.st.stm32cube.ide.mcu.externaltools.gnu-tools-for-stm32.13.3.rel1.win32_1.0.0.202411081344/tools/bin/../lib/gcc/arm-none-eabi/13.3.1/thumb/v7e-m+fp/hard/crtbegin.o
                [!provide]                        PROVIDE (__fini_array_end = .)
                0x08000e38                        . = ALIGN (0x4)
                0x08000e38                        _sidata = LOADADDR (.data)

.rel.dyn        0x08000e38        0x0
 .rel.iplt      0x08000e38        0x0 C:/ST/STM32CubeIDE_1.19.0/STM32CubeIDE/plugins/com.st.stm32cube.ide.mcu.externaltools.gnu-tools-for-stm32.13.3.rel1.win32_1.0.0.202411081344/tools/bin/../lib/gcc/arm-none-eabi/13.3.1/thumb/v7e-m+fp/hard/crtbegin.o

.data           0x20000000        0x0 load address 0x08000e38
                0x20000000                        . = ALIGN (0x4)
                0x20000000                        _sdata = .
 *(.data)
 *(.data*)
 *(.RamFunc)
 *(.RamFunc*)
                0x20000000                        . = ALIGN (0x4)
                0x20000000                        _edata = .

.igot.plt       0x20000000        0x0 load address 0x08000e38
 .igot.plt      0x20000000        0x0 C:/ST/STM32CubeIDE_1.19.0/STM32CubeIDE/plugins/com.st.stm32cube.ide.mcu.externaltools.gnu-tools-for-stm32.13.3.rel1.win32_1.0.0.202411081344/tools/bin/../lib/gcc/arm-none-eabi/13.3.1/thumb/v7e-m+fp/hard/crtbegin.o
                0x20000000                        . = ALIGN (0x4)

.bss            0x20000000       0x38 load address 0x08000e38
                0x20000000                        _sbss = .
                0x20000000                        __bss_start__ = _sbss
 *(.bss)
 .bss           0x20000000       0x1c C:/ST/STM32CubeIDE_1.19.0/STM32CubeIDE/plugins/com.st.stm32cube.ide.mcu.externaltools.gnu-tools-for-stm32.13.3.rel1.win32_1.0.0.202411081344/tools/bin/../lib/gcc/arm-none-eabi/13.3.1/thumb/v7e-m+fp/hard/crtbegin.o
 *(.bss*)
 .bss.data      0x2000001c        0x1 ./Src/adxl345.o
                0x2000001c                data
 *fill*         0x2000001d        0x3 
 .bss.rec_data  0x20000020        0x6 ./Src/adxl345.o
                0x20000020                rec_data
 .bss.x         0x20000026        0x2 ./Src/main.o
                0x20000026                x
 .bss.y         0x20000028        0x2 ./Src/main.o
                0x20000028                y
 .bss.z         0x2000002a        0x2 ./Src/main.o
                0x2000002a                z
 .bss.xg        0x2000002c        0x4 ./Src/main.o
                0x2000002c                xg
 .bss.yg        0x20000030        0x4 ./Src/main.o
                0x20000030                yg
 .bss.zg        0x20000034        0x4 ./Src/main.o
                0x20000034                zg
 *(COMMON)
                0x20000038                        . = ALIGN (0x4)
                0x20000038                        _ebss = .
                0x20000038                        __bss_end__ = _ebss

._user_heap_stack
                0x20000038      0x600 load address 0x08000e38
                0x20000038                        . = ALIGN (0x8)
                [!provide]                        PROVIDE (end = .)
                0x20000038                        PROVIDE (_end = .)
                0x20000238                        . = (. + _Min_Heap_Size)
 *fill*         0x20000038      0x200 
                0x20000638                        . = (. + _Min_Stack_Size)
 *fill*         0x20000238      0x400 
                0x20000638                        . = ALIGN (0x8)

/DISCARD/
 libc.a(*)
 libm.a(*)
 libgcc.a(*)

.ARM.attributes
                0x00000000       0x30
 *(.ARM.attributes)
 .ARM.attributes
                0x00000000       0x22 C:/ST/STM32CubeIDE_1.19.0/STM32CubeIDE/plugins/com.st.stm32cube.ide.mcu.externaltools.gnu-tools-for-stm32.13.3.rel1.win32_1.0.0.202411081344/tools/bin/../lib/gcc/arm-none-eabi/13.3.1/thumb/v7e-m+fp/hard/crti.o
 .ARM.attributes
                0x00000022       0x34 C:/ST/STM32CubeIDE_1.19.0/STM32CubeIDE/plugins/com.st.stm32cube.ide.mcu.externaltools.gnu-tools-for-stm32.13.3.rel1.win32_1.0.0.202411081344/tools/bin/../lib/gcc/arm-none-eabi/13.3.1/thumb/v7e-m+fp/hard/crtbegin.o
 .ARM.attributes
                0x00000056       0x34 ./Src/adxl345.o
 .ARM.attributes
                0x0000008a       0x34 ./Src/i2c_driver.o
 .ARM.attributes
                0x000000be       0x34 ./Src/main.o
 .ARM.attributes
                0x000000f2       0x21 ./Startup/startup_stm32f411retx.o
 .ARM.attributes
                0x00000113       0x34 C:/ST/STM32CubeIDE_1.19.0/STM32CubeIDE/plugins/com.st.stm32cube.ide.mcu.externaltools.gnu-tools-for-stm32.13.3.rel1.win32_1.0.0.202411081344/tools/bin/../lib/gcc/arm-none-eabi/13.3.1/../../../../arm-none-eabi/lib/thumb/v7e-m+fp/hard\libc_nano.a(libc_a-init.o)
 .ARM.attributes
                0x00000147       0x22 C:/ST/STM32CubeIDE_1.19.0/STM32CubeIDE/plugins/com.st.stm32cube.ide.mcu.externaltools.gnu-tools-for-stm32.13.3.rel1.win32_1.0.0.202411081344/tools/bin/../lib/gcc/arm-none-eabi/13.3.1/thumb/v7e-m+fp/hard\libgcc.a(_arm_muldf3.o)
 .ARM.attributes
                0x00000169       0x22 C:/ST/STM32CubeIDE_1.19.0/STM32CubeIDE/plugins/com.st.stm32cube.ide.mcu.externaltools.gnu-tools-for-stm32.13.3.rel1.win32_1.0.0.202411081344/tools/bin/../lib/gcc/arm-none-eabi/13.3.1/thumb/v7e-m+fp/hard\libgcc.a(_arm_addsubdf3.o)
 .ARM.attributes
                0x0000018b       0x22 C:/ST/STM32CubeIDE_1.19.0/STM32CubeIDE/plugins/com.st.stm32cube.ide.mcu.externaltools.gnu-tools-for-stm32.13.3.rel1.win32_1.0.0.202411081344/tools/bin/../lib/gcc/arm-none-eabi/13.3.1/thumb/v7e-m+fp/hard\libgcc.a(_arm_truncdfsf2.o)
 .ARM.attributes
                0x000001ad       0x22 C:/ST/STM32CubeIDE_1.19.0/STM32CubeIDE/plugins/com.st.stm32cube.ide.mcu.externaltools.gnu-tools-for-stm32.13.3.rel1.win32_1.0.0.202411081344/tools/bin/../lib/gcc/arm-none-eabi/13.3.1/thumb/v7e-m+fp/hard/crtn.o
OUTPUT(Week7_i2C_adxl345.elf elf32-littlearm)
LOAD linker stubs
LOAD C:/ST/STM32CubeIDE_1.19.0/STM32CubeIDE/plugins/com.st.stm32cube.ide.mcu.externaltools.gnu-tools-for-stm32.13.3.rel1.win32_1.0.0.202411081344/tools/bin/../lib/gcc/arm-none-eabi/13.3.1/../../../../arm-none-eabi/lib/thumb/v7e-m+fp/hard\libc.a
LOAD C:/ST/STM32CubeIDE_1.19.0/STM32CubeIDE/plugins/com.st.stm32cube.ide.mcu.externaltools.gnu-tools-for-stm32.13.3.rel1.win32_1.0.0.202411081344/tools/bin/../lib/gcc/arm-none-eabi/13.3.1/../../../../arm-none-eabi/lib/thumb/v7e-m+fp/hard\libm.a
LOAD C:/ST/STM32CubeIDE_1.19.0/STM32CubeIDE/plugins/com.st.stm32cube.ide.mcu.externaltools.gnu-tools-for-stm32.13.3.rel1.win32_1.0.0.202411081344/tools/bin/../lib/gcc/arm-none-eabi/13.3.1/thumb/v7e-m+fp/hard\libgcc.a

.debug_info     0x00000000      0x7f8
 .debug_info    0x00000000      0x1cf ./Src/adxl345.o
 .debug_info    0x000001cf      0x49a ./Src/i2c_driver.o
 .debug_info    0x00000669      0x15f ./Src/main.o
 .debug_info    0x000007c8       0x30 ./Startup/startup_stm32f411retx.o

.debug_abbrev   0x00000000      0x31a
 .debug_abbrev  0x00000000      0x11e ./Src/adxl345.o
 .debug_abbrev  0x0000011e      0x11a ./Src/i2c_driver.o
 .debug_abbrev  0x00000238       0xbe ./Src/main.o
 .debug_abbrev  0x000002f6       0x24 ./Startup/startup_stm32f411retx.o

.debug_aranges  0x00000000       0xb8
 .debug_aranges
                0x00000000       0x38 ./Src/adxl345.o
 .debug_aranges
                0x00000038       0x38 ./Src/i2c_driver.o
 .debug_aranges
                0x00000070       0x20 ./Src/main.o
 .debug_aranges
                0x00000090       0x28 ./Startup/startup_stm32f411retx.o

.debug_rnglists
                0x00000000       0x7b
 .debug_rnglists
                0x00000000       0x25 ./Src/adxl345.o
 .debug_rnglists
                0x00000025       0x29 ./Src/i2c_driver.o
 .debug_rnglists
                0x0000004e       0x14 ./Src/main.o
 .debug_rnglists
                0x00000062       0x19 ./Startup/startup_stm32f411retx.o

.debug_macro    0x00000000     0xea58
 .debug_macro   0x00000000       0xe7 ./Src/adxl345.o
 .debug_macro   0x000000e7      0xae4 ./Src/adxl345.o
 .debug_macro   0x00000bcb       0x28 ./Src/adxl345.o
 .debug_macro   0x00000bf3       0x28 ./Src/adxl345.o
 .debug_macro   0x00000c1b       0x22 ./Src/adxl345.o
 .debug_macro   0x00000c3d       0x8e ./Src/adxl345.o
 .debug_macro   0x00000ccb       0x51 ./Src/adxl345.o
 .debug_macro   0x00000d1c      0x103 ./Src/adxl345.o
 .debug_macro   0x00000e1f       0x6a ./Src/adxl345.o
 .debug_macro   0x00000e89      0x1df ./Src/adxl345.o
 .debug_macro   0x00001068       0x1c ./Src/adxl345.o
 .debug_macro   0x00001084       0x22 ./Src/adxl345.o
 .debug_macro   0x000010a6       0xfb ./Src/adxl345.o
 .debug_macro   0x000011a1     0x1011 ./Src/adxl345.o
 .debug_macro   0x000021b2      0x11f ./Src/adxl345.o
 .debug_macro   0x000022d1     0xb953 ./Src/adxl345.o
 .debug_macro   0x0000dc24       0x6d ./Src/adxl345.o
 .debug_macro   0x0000dc91       0x3a ./Src/adxl345.o
 .debug_macro   0x0000dccb       0xe4 ./Src/i2c_driver.o
 .debug_macro   0x0000ddaf      0x1c4 ./Src/main.o
 .debug_macro   0x0000df73       0x61 ./Src/main.o
 .debug_macro   0x0000dfd4       0x2a ./Src/main.o
 .debug_macro   0x0000dffe       0x43 ./Src/main.o
 .debug_macro   0x0000e041       0x34 ./Src/main.o
 .debug_macro   0x0000e075       0x16 ./Src/main.o
 .debug_macro   0x0000e08b       0x9e ./Src/main.o
 .debug_macro   0x0000e129      0x370 ./Src/main.o
 .debug_macro   0x0000e499      0x112 ./Src/main.o
 .debug_macro   0x0000e5ab       0x10 ./Src/main.o
 .debug_macro   0x0000e5bb       0x16 ./Src/main.o
 .debug_macro   0x0000e5d1       0x4a ./Src/main.o
 .debug_macro   0x0000e61b       0x34 ./Src/main.o
 .debug_macro   0x0000e64f       0x10 ./Src/main.o
 .debug_macro   0x0000e65f       0x58 ./Src/main.o
 .debug_macro   0x0000e6b7       0x8e ./Src/main.o
 .debug_macro   0x0000e745       0x1c ./Src/main.o
 .debug_macro   0x0000e761      0x185 ./Src/main.o
 .debug_macro   0x0000e8e6       0x16 ./Src/main.o
 .debug_macro   0x0000e8fc       0x16 ./Src/main.o
 .debug_macro   0x0000e912      0x146 ./Src/main.o

.debug_line     0x00000000     0x14dc
 .debug_line    0x00000000      0x53a ./Src/adxl345.o
 .debug_line    0x0000053a      0x88e ./Src/i2c_driver.o
 .debug_line    0x00000dc8      0x699 ./Src/main.o
 .debug_line    0x00001461       0x7b ./Startup/startup_stm32f411retx.o

.debug_str      0x00000000    0x53a37
 .debug_str     0x00000000    0x53a37 ./Src/adxl345.o
                              0x4ff00 (size before relaxing)
 .debug_str     0x00053a37    0x4ffab ./Src/i2c_driver.o
 .debug_str     0x00053a37    0x539da ./Src/main.o
 .debug_str     0x00053a37       0x84 ./Startup/startup_stm32f411retx.o

.comment        0x00000000       0x43
 .comment       0x00000000       0x43 ./Src/adxl345.o
                                 0x44 (size before relaxing)
 .comment       0x00000043       0x44 ./Src/i2c_driver.o
 .comment       0x00000043       0x44 ./Src/main.o

.debug_frame    0x00000000      0x298
 .debug_frame   0x00000000       0x98 ./Src/adxl345.o
 .debug_frame   0x00000098       0xa8 ./Src/i2c_driver.o
 .debug_frame   0x00000140       0x2c ./Src/main.o
 .debug_frame   0x0000016c       0x2c C:/ST/STM32CubeIDE_1.19.0/STM32CubeIDE/plugins/com.st.stm32cube.ide.mcu.externaltools.gnu-tools-for-stm32.13.3.rel1.win32_1.0.0.202411081344/tools/bin/../lib/gcc/arm-none-eabi/13.3.1/../../../../arm-none-eabi/lib/thumb/v7e-m+fp/hard\libc_nano.a(libc_a-init.o)
 .debug_frame   0x00000198       0x30 C:/ST/STM32CubeIDE_1.19.0/STM32CubeIDE/plugins/com.st.stm32cube.ide.mcu.externaltools.gnu-tools-for-stm32.13.3.rel1.win32_1.0.0.202411081344/tools/bin/../lib/gcc/arm-none-eabi/13.3.1/thumb/v7e-m+fp/hard\libgcc.a(_arm_muldf3.o)
 .debug_frame   0x000001c8       0xac C:/ST/STM32CubeIDE_1.19.0/STM32CubeIDE/plugins/com.st.stm32cube.ide.mcu.externaltools.gnu-tools-for-stm32.13.3.rel1.win32_1.0.0.202411081344/tools/bin/../lib/gcc/arm-none-eabi/13.3.1/thumb/v7e-m+fp/hard\libgcc.a(_arm_addsubdf3.o)
 .debug_frame   0x00000274       0x24 C:/ST/STM32CubeIDE_1.19.0/STM32CubeIDE/plugins/com.st.stm32cube.ide.mcu.externaltools.gnu-tools-for-stm32.13.3.rel1.win32_1.0.0.202411081344/tools/bin/../lib/gcc/arm-none-eabi/13.3.1/thumb/v7e-m+fp/hard\libgcc.a(_arm_truncdfsf2.o)

.debug_line_str
                0x00000000       0x68
 .debug_line_str
                0x00000000       0x68 ./Startup/startup_stm32f411retx.o
